// Jest Snapshot v1, https://goo.gl/fbAQLP

exports[`Test suite for <Cell /> component should render correctly 1`] = `
<Cell
  id="A1"
  onClick={[MockFunction]}
  type="normal"
  value="*"
>
  <div
    className="cell"
  >
    <div
      className="cellValue normal"
    >
      <button
        id="A1"
        onClick={[Function]}
        title="normal"
        type="button"
      >
        <i
          className="fas fa-chair"
        />
      </button>
    </div>
  </div>
</Cell>
`;
